// Jest Snapshot v1, https://goo.gl/fbAQLP

exports[`Is initially UNDECIDED 1`] = `
<div
  decision={3}
/>
`;
